C251 COMPILER V5.60.0,  camera                                                             11/04/26  12:42:09  PAGE 1   


C251 COMPILER V5.60.0, COMPILATION OF MODULE camera
OBJECT MODULE PLACED IN .\out_file\camera.obj
COMPILER INVOKED BY: D:\ruanjian\keil\C251\BIN\C251.EXE camera.c LARGE FLOAT64 ROM(HUGE) WARNINGLEVEL(3) OPTIMIZE(0,SIZE
                    -) BROWSE INCDIR(..\..\libraries\zf_common;..\..\libraries\zf_components;..\..\libraries\zf_device;..\..\libraries\zf_dri
                    -ver;..\user;..\code;..\..\libraries\zf_components\stc32g_usb_lib;..\..\libraries\zf_components\seekfree_assistant) DEBUG
                    - PRINT(.\out_file\camera.lst) TABS(2) OBJECT(.\out_file\camera.obj) 

stmt  level    source

*** WARNING C38 IN LINE 1 OF camera.c: empty translation unit


Module Information          Static   Overlayable
------------------------------------------------
  code size            =    ------     ------
  ecode size           =    ------     ------
  data size            =    ------     ------
  idata size           =    ------     ------
  pdata size           =    ------     ------
  xdata size           =    ------     ------
  xdata-const size     =    ------     ------
  edata size           =    ------     ------
  bit size             =    ------     ------
  ebit size            =    ------     ------
  bitaddressable size  =    ------     ------
  ebitaddressable size =    ------     ------
  far data size        =    ------     ------
  huge data size       =    ------     ------
  const size           =    ------     ------
  hconst size          =    ------     ------
End of Module Information.


C251 COMPILATION COMPLETE.  1 WARNING(S),  0 ERROR(S)
