C251 COMPILER V5.60.0,  main                                                               09/04/26  22:51:37  PAGE 1   


C251 COMPILER V5.60.0, COMPILATION OF MODULE main
OBJECT MODULE PLACED IN .\out_file\main.obj
COMPILER INVOKED BY: C:\Keil_v5\C251\BIN\C251.EXE ..\user\main.c LARGE FLOAT64 ROM(HUGE) WARNINGLEVEL(3) OPTIMIZE(0,SIZE
                    -) BROWSE INCDIR(..\..\libraries\zf_common;..\..\libraries\zf_components;..\..\libraries\zf_device;..\..\libraries\zf_dri
                    -ver;..\user;..\code;..\..\libraries\zf_components\stc32g_usb_lib;..\..\libraries\zf_components\seekfree_assistant) DEBUG
                    - PRINT(.\out_file\main.lst) TABS(2) OBJECT(.\out_file\main.obj) 

stmt  level    source

    1          #include "zf_common_headfile.h"
    2          #include "quaternion.h"
    3          #define LED1                        (IO_P52)
    4          #define PIT                         (TIM0_PIT)
    5          #define GYRO_LSB_PER_DPS   (32768.0f / 2000.0f)
    6          #define RAD_PER_DEG        (3.14159f / 180.0f)
    7          #define DT                 0.01f
    8          static Quat q;
    9          static Vec3 forward_body;
   10          static int tick_count = 0;
   11          static float roll_angle = 0.0f;
   12          static float pitch_angle = 0.0f;
   13          static float yaw_angle = 0.0f;
   14          static float yaw_offset = 0.0f;
   15          float gyro_bias_x = 0.0f, gyro_bias_y = 0.0f, gyro_bias_z = 0.0f;
   16          void init_attitude(void) {
   17   1          q.w = 1.0f; q.x = 0.0f; q.y = 0.0f; q.z = 0.0f;
   18   1          forward_body.x = 1.0f; forward_body.y = 0.0f; forward_body.z = 0.0f;
   19   1      }
   20          
   21          void update_attitude(void) {
   22   1          float gx_raw, gy_raw, gz_raw;
   23   1          float gx_dps, gy_dps, gz_dps;
   24   1          float wx, wy, wz;
   25   1          Quat dq;
   26   1          Vec3 direction_pure;
   27   1      
   28   1          imu660rb_get_gyro();
   29   1          gx_raw = (float)imu660rb_gyro_x;
   30   1          gy_raw = (float)imu660rb_gyro_y;
   31   1          gz_raw = (float)imu660rb_gyro_z;
   32   1      
   33   1          gx_dps = (gx_raw - gyro_bias_x) / (-GYRO_LSB_PER_DPS);
   34   1          gy_dps = (gy_raw - gyro_bias_y) / (-GYRO_LSB_PER_DPS);
   35   1          gz_dps = (gz_raw - gyro_bias_z) / (-GYRO_LSB_PER_DPS);
   36   1      
   37   1          wx = gx_dps * RAD_PER_DEG;
   38   1          wy = gy_dps * RAD_PER_DEG;
   39   1          wz = gz_dps * RAD_PER_DEG;
   40   1      
   41   1          dq = omega_to_dq(wx, wy, wz, DT);
   42   1          q = quat_mul(q, dq);
   43   1          q = quat_normalize(q);
   44   1      
   45   1          direction_pure = rotate_vector_by_quat(q, forward_body);  // 可选用
   46   1          quat_to_euler(q, &roll_angle, &pitch_angle, &yaw_angle);
   47   1          yaw_angle += yaw_offset;
   48   1          tick_count++;
   49   1      }
   50          
   51          void pit_hanlder(void) {
   52   1          update_attitude();
   53   1      }
   54          
   55          void main(void) {
   56   1          clock_init(SYSTEM_CLOCK_96M);
C251 COMPILER V5.60.0,  main                                                               09/04/26  22:51:37  PAGE 2   

   57   1          debug_init();
   58   1          gpio_init(LED1, GPO, GPIO_HIGH, GPO_PUSH_PULL);
   59   1      
   60   1          while(1) {
   61   2              if(imu660rb_init())
   62   2                  printf("\r\nimu660rb init error.");
   63   2              else
   64   2                  break;
   65   2              gpio_toggle_level(LED1);
   66   2              system_delay_ms(300);
   67   2          }
   68   1      
   69   1          init_attitude();
   70   1          pit_ms_init(PIT, 5, pit_hanlder);
   71   1      
   72   1          while(1) {
   73   2              printf("\r\nroll: %6.2f, pitch: %6.2f, yaw: %6.2f", roll_angle, pitch_angle, yaw_angle);
   74   2              gpio_toggle_level(LED1);
   75   2              system_delay_ms(300);
   76   2          }
   77   1      }


Module Information          Static   Overlayable
------------------------------------------------
  code size            =    ------     ------
  ecode size           =      1080     ------
  data size            =    ------     ------
  idata size           =    ------     ------
  pdata size           =    ------     ------
  xdata size           =       122     ------
  xdata-const size     =    ------     ------
  edata size           =    ------     ------
  bit size             =    ------     ------
  ebit size            =    ------     ------
  bitaddressable size  =    ------     ------
  ebitaddressable size =    ------     ------
  far data size        =    ------     ------
  huge data size       =    ------     ------
  const size           =    ------     ------
  hconst size          =       135     ------
End of Module Information.


C251 COMPILATION COMPLETE.  0 WARNING(S),  0 ERROR(S)
