C251 COMPILER V5.60.0,  quaternion                                                         09/04/26  22:51:37  PAGE 1   


C251 COMPILER V5.60.0, COMPILATION OF MODULE quaternion
OBJECT MODULE PLACED IN .\out_file\quaternion.obj
COMPILER INVOKED BY: C:\Keil_v5\C251\BIN\C251.EXE ..\user\quaternion.c LARGE FLOAT64 ROM(HUGE) WARNINGLEVEL(3) OPTIMIZE(
                    -0,SIZE) BROWSE INCDIR(..\..\libraries\zf_common;..\..\libraries\zf_components;..\..\libraries\zf_device;..\..\libraries\
                    -zf_driver;..\user;..\code;..\..\libraries\zf_components\stc32g_usb_lib;..\..\libraries\zf_components\seekfree_assistant)
                    - DEBUG PRINT(.\out_file\quaternion.lst) TABS(2) OBJECT(.\out_file\quaternion.obj) 

stmt  level    source

    1          #include "quaternion.h"
    2          
    3          Quat quat_mul(Quat q1, Quat q2) {
    4   1          Quat result;
    5   1          result.w = q1.w*q2.w - q1.x*q2.x - q1.y*q2.y - q1.z*q2.z;
    6   1          result.x = q1.w*q2.x + q1.x*q2.w + q1.y*q2.z - q1.z*q2.y;
    7   1          result.y = q1.w*q2.y - q1.x*q2.z + q1.y*q2.w + q1.z*q2.x;
    8   1          result.z = q1.w*q2.z + q1.x*q2.y - q1.y*q2.x + q1.z*q2.w;
    9   1          return result;
   10   1      }
   11          
   12          Quat quat_conj(Quat q) {
   13   1          Quat result;
   14   1          result.w = q.w;
   15   1          result.x = -q.x;
   16   1          result.y = -q.y;
   17   1          result.z = -q.z;
   18   1          return result;
   19   1      }
   20          
   21          float quat_norm(Quat q) {
   22   1          return sqrt(q.w*q.w + q.x*q.x + q.y*q.y + q.z*q.z);
   23   1      }
   24          
   25          Quat quat_normalize(Quat q) {
   26   1          float n;
   27   1          Quat result;
   28   1          float inv;
   29   1          n = quat_norm(q);
   30   1          if (n == 0.0f) {
   31   2              result.w = 1.0f;
   32   2              result.x = 0.0f;
   33   2              result.y = 0.0f;
   34   2              result.z = 0.0f;
   35   2              return result;
   36   2          }
   37   1          inv = 1.0f / n;
   38   1          result.w = q.w * inv;
   39   1          result.x = q.x * inv;
   40   1          result.y = q.y * inv;
   41   1          result.z = q.z * inv;
   42   1          return result;
   43   1      }
   44          
   45          Quat omega_to_dq(float wx, float wy, float wz, float dt) {
   46   1          float omega;
   47   1          Quat result;
   48   1          float half_dt;
   49   1          float theta, half, s;
   50   1          omega = sqrt(wx*wx + wy*wy + wz*wz);
   51   1          if (omega < 1e-9f) {
   52   2              half_dt = 0.5f * dt;
   53   2              result.w = 1.0f;
   54   2              result.x = wx * half_dt;
   55   2              result.y = wy * half_dt;
   56   2              result.z = wz * half_dt;
C251 COMPILER V5.60.0,  quaternion                                                         09/04/26  22:51:37  PAGE 2   

   57   2              return quat_normalize(result);
   58   2          }
   59   1          theta = omega * dt;
   60   1          half = 0.5f * theta;
   61   1          s = sin(half) / omega;
   62   1          result.w = cos(half);
   63   1          result.x = wx * s;
   64   1          result.y = wy * s;
   65   1          result.z = wz * s;
   66   1          return quat_normalize(result);
   67   1      }
   68          
   69          Vec3 rotate_vector_by_quat(Quat q, Vec3 v) {
   70   1          Quat vq;
   71   1          Quat rotated;
   72   1          Vec3 result;
   73   1          vq.w = 0.0f;
   74   1          vq.x = v.x;
   75   1          vq.y = v.y;
   76   1          vq.z = v.z;
   77   1          rotated = quat_mul(quat_mul(q, vq), quat_conj(q));
   78   1          result.x = rotated.x;
   79   1          result.y = rotated.y;
   80   1          result.z = rotated.z;
   81   1          return result;
   82   1      }
   83          
   84          void quat_to_euler(Quat q, float *roll, float *pitch, float *yaw) {
   85   1          float w, x, y, z;
   86   1          float roll_rad, pitch_rad, yaw_rad;
   87   1          w = q.w; x = q.x; y = q.y; z = q.z;
   88   1          roll_rad = atan2(2.0f*(w*x + y*z), 1.0f - 2.0f*(x*x + y*y));
   89   1          pitch_rad = asin(2.0f*(w*y - z*x));
   90   1          yaw_rad = atan2(2.0f*(w*z + x*y), 1.0f - 2.0f*(y*y + z*z));
   91   1          *roll = roll_rad * 180.0f / 3.14159f;
   92   1          *pitch = pitch_rad * 180.0f / 3.14159f;
   93   1          *yaw = yaw_rad * 180.0f / 3.14159f;
   94   1      }
*** ERROR C11 IN LINE 1 OF ..\user\quaternion.c: internal error: (asmgen - triple=t061)
*** ERROR C11 IN LINE 1 OF ..\user\quaternion.c: internal error: (asmgen - triple=t0AB)
*** ERROR C11 IN LINE 57 OF ..\user\quaternion.c: internal error: (asmgen - triple=t061)
*** ERROR C11 IN LINE 66 OF ..\user\quaternion.c: internal error: (asmgen - triple=t0AB)

C251 COMPILATION COMPLETE.  0 WARNING(S),  4 ERROR(S)
